// Jest Snapshot v1, https://goo.gl/fbAQLP

exports[`matches snapshot 1`] = `
<button
  className="mock_style"
  data-testid="btn"
  onClick={[MockFunction]}
  type="button"
>
  mock text
</button>
`;
